Loaded checkpoint: checkpoints/gpu_initializer_unroll3.pt
Comparing on 158 test instances, 3 random starts each, 100 steps
  100/1264 runs done
  200/1264 runs done
  300/1264 runs done
  400/1264 runs done
  500/1264 runs done
  600/1264 runs done
  700/1264 runs done
  800/1264 runs done
  900/1264 runs done
  1000/1264 runs done
  1100/1264 runs done
  1200/1264 runs done
  1264/1264 runs done

Saved -> /home/student/Desktop/FYP---Parameter-Optimisation/results/convergence_gpu_initializer_unroll3_test.csv

=== Threshold: exact ===
                                 reach_rate        median_evals_pen          mean_final_gap       
init_kind                               gnn random              gnn   random            gnn random
optimizer        family n_qubits                                                                  
gradient_descent fh     4             0.333  0.289          16665.0  16665.0          0.160  0.381
                        6             0.033  0.033          24745.0  24745.0          1.923  1.893
                        8             0.000  0.000          32825.0  32825.0          2.854  2.886
                 ti     8             0.267  0.256          19695.0  19695.0          1.875  2.219
                 xyz    4             0.100  0.100           9999.0   9999.0          1.214  1.205
                        12            0.000  0.000          29391.0  29391.0          3.720  4.454
qngd             fh     4             0.333  0.322          17675.0  17675.0          0.165  0.317
                        6             0.033  0.033          26159.0  26159.0          1.991  1.871
                        8             0.000  0.000          34643.0  34643.0          2.824  2.823
                 ti     8             0.333  0.389          21513.0  21513.0          0.996  1.207
                 xyz    4             0.100  0.100          11009.0  11009.0          1.157  1.180
                        12            0.000  0.000          32017.0  32017.0          3.437  4.220

Head-to-head (GNN evals vs mean of random starts; ratio<1 = GNN cheaper):
                                  gnn_fewer   n  median_eval_ratio
optimizer        family n_qubits                                  
gradient_descent fh     4                10  30                1.0
                        6                 1  30                1.0
                        8                 0  30                1.0
                 ti     8                 8  30                1.0
                 xyz    4                 2  30                1.0
                        12                0   8                1.0
qngd             fh     4                10  30                1.0
                        6                 1  30                1.0
                        8                 0  30                1.0
                 ti     8                10  30                1.0
                 xyz    4                 2  30                1.0
                        12                0   8                1.0

Overall:
                  gnn_fewer    n  median_eval_ratio
optimizer                                          
gradient_descent         21  158                1.0
qngd                     23  158                1.0

=== Threshold: best ===
                                 reach_rate        median_evals_pen          mean_final_gap       
init_kind                               gnn random              gnn   random            gnn random
optimizer        family n_qubits                                                                  
gradient_descent fh     4             0.600  0.533           8695.5  13332.0          0.160  0.381
                        6             0.567  0.389          22295.0  24745.0          1.923  1.893
                        8             0.400  0.467          32825.0  32825.0          2.854  2.886
                 ti     8             0.733  0.889           1560.0   3705.0          1.875  2.219
                 xyz    4             0.567  0.644           6336.0   6583.5          1.214  1.205
                        12            0.875  0.333          16732.5  29391.0          3.720  4.454
qngd             fh     4             0.700  0.522           9597.5  13212.5          0.165  0.317
                        6             0.400  0.444          26159.0  25900.0          1.991  1.871
                        8             0.533  0.567          31899.0  28640.5          2.824  2.823
                 ti     8             1.000  0.944           1597.5   3834.0          0.996  1.207
                 xyz    4             0.833  0.711           6429.0   6703.5          1.157  1.180
                        12            0.875  0.583          20129.5  27420.5          3.437  4.220

Head-to-head (GNN evals vs mean of random starts; ratio<1 = GNN cheaper):
                                  gnn_fewer   n  median_eval_ratio
optimizer        family n_qubits                                  
gradient_descent fh     4                15  30              0.994
                        6                14  30              1.000
                        8                 3  30              1.063
                 ti     8                22  30              0.382
                 xyz    4                12  30              1.050
                        12                7   8              0.644
qngd             fh     4                16  30              0.968
                        6                 8  30              1.000
                        8                 6  30              1.098
                 ti     8                28  30              0.393
                 xyz    4                15  30              0.986
                        12                6   8              0.821

Overall:
                  gnn_fewer    n  median_eval_ratio
optimizer                                          
gradient_descent         73  158              1.000
qngd                     79  158              0.994
